[debug] [2026-02-21T13:23:24.697Z] ----------------------------------------------------------------------
[debug] [2026-02-21T13:23:24.699Z] Command:       /opt/homebrew/Cellar/node@20/20.19.5/bin/node /opt/homebrew/bin/firebase apps:sdkconfig ANDROID 1:653546103163:android:e555b1343edc13cb081dde --project arqivon-inc
[debug] [2026-02-21T13:23:24.699Z] CLI Version:   15.6.0
[debug] [2026-02-21T13:23:24.699Z] Platform:      darwin
[debug] [2026-02-21T13:23:24.699Z] Node Version:  v20.19.5
[debug] [2026-02-21T13:23:24.699Z] Time:          Sat Feb 21 2026 14:23:24 GMT+0100 (Central European Standard Time)
[debug] [2026-02-21T13:23:24.699Z] ----------------------------------------------------------------------
[debug] 
[debug] [2026-02-21T13:23:24.965Z] > command requires scopes: ["email","openid","https://www.googleapis.com/auth/cloudplatformprojects.readonly","https://www.googleapis.com/auth/firebase","https://www.googleapis.com/auth/cloud-platform"]
[debug] [2026-02-21T13:23:24.965Z] > authorizing via signed-in user (admin@notanovice.com)
[debug] [2026-02-21T13:23:24.967Z] Checked if tokens are valid: false, expires at: 1771681104266
[debug] [2026-02-21T13:23:24.967Z] Checked if tokens are valid: false, expires at: 1771681104266
[debug] [2026-02-21T13:23:24.968Z] > refreshing access token with scopes: []
[debug] [2026-02-21T13:23:24.969Z] >>> [apiv2][query] POST https://www.googleapis.com/oauth2/v3/token [none]
[debug] [2026-02-21T13:23:24.969Z] >>> [apiv2][body] POST https://www.googleapis.com/oauth2/v3/token [omitted]
[debug] [2026-02-21T13:23:25.113Z] <<< [apiv2][status] POST https://www.googleapis.com/oauth2/v3/token 200
[debug] [2026-02-21T13:23:25.113Z] <<< [apiv2][body] POST https://www.googleapis.com/oauth2/v3/token [omitted]
[debug] [2026-02-21T13:23:25.122Z] >>> [apiv2][query] GET https://firebase.googleapis.com/v1beta1/projects/-/androidApps/1:653546103163:android:e555b1343edc13cb081dde/config [none]
[debug] [2026-02-21T13:23:25.684Z] <<< [apiv2][status] GET https://firebase.googleapis.com/v1beta1/projects/-/androidApps/1:653546103163:android:e555b1343edc13cb081dde/config 403
[debug] [2026-02-21T13:23:25.684Z] <<< [apiv2][body] GET https://firebase.googleapis.com/v1beta1/projects/-/androidApps/1:653546103163:android:e555b1343edc13cb081dde/config {"error":{"code":403,"message":"The caller does not have permission","status":"PERMISSION_DENIED"}}
[debug] [2026-02-21T13:23:25.685Z] Request to https://firebase.googleapis.com/v1beta1/projects/-/androidApps/1:653546103163:android:e555b1343edc13cb081dde/config had HTTP Error: 403, The caller does not have permission
[debug] [2026-02-21T13:23:25.863Z] FirebaseError: Request to https://firebase.googleapis.com/v1beta1/projects/-/androidApps/1:653546103163:android:e555b1343edc13cb081dde/config had HTTP Error: 403, The caller does not have permission
    at responseToError (/opt/homebrew/lib/node_modules/firebase-tools/lib/responseToError.js:53:12)
    at RetryOperation._fn (/opt/homebrew/lib/node_modules/firebase-tools/lib/apiv2.js:330:77)
    at process.processTicksAndRejections (node:internal/process/task_queues:95:5)
[error] 
[error] Error: Failed to get ANDROID app configuration. See firebase-debug.log for more info.
